// Jest Snapshot v1, https://goo.gl/fbAQLP

exports[`Initial Map 1`] = `
Array [
  <div
    className="quickFlyButton"
  >
    <span
      className="bp3-popover-wrapper"
    >
      <span
        className="bp3-popover-target"
        onClick={[Function]}
      >
        <div
          className="contextualMenu"
        >
          <span
            className="bp3-icon bp3-icon-send-to-map"
            icon="send-to-map"
          >
            <svg
              data-icon="send-to-map"
              fill="rgb(50,50,50)"
              height={44}
              viewBox="0 0 20 20"
              width={44}
            >
              <desc>
                send-to-map
              </desc>
              <path
                d="M8 11H3c-.55 0-1 .45-1 1s.45 1 1 1h2.59L.3 18.29c-.19.18-.3.43-.3.71a1.003 1.003 0 001.71.71L7 14.41V17c0 .55.45 1 1 1s1-.45 1-1v-5c0-.55-.45-1-1-1zm11.54-6.82l.01-.02-6-4-.01.02C13.39.08 13.21 0 13 0s-.39.08-.54.18l-.01-.02L7 3.8 1.55.17l-.01.01A.969.969 0 001 0C.45 0 0 .45 0 1v9c0-.55.45-1 1-1h1V2.87l4 2.67V9h2V5.54l4-2.67v11.6l-1 .67v2.4l2-1.33 5.45 3.63.01-.02c.15.1.33.18.54.18.55 0 1-.45 1-1V5c0-.35-.19-.64-.46-.82zM18 17.13l-4-2.67V2.87l4 2.67v11.59z"
                fillRule="evenodd"
              />
            </svg>
          </span>
        </div>
      </span>
    </span>
  </div>,
  <div
    className="layersButton"
  >
    <span
      className="bp3-popover-wrapper"
    >
      <span
        className="bp3-popover-target"
        onClick={[Function]}
      >
        <div
          className="contextualMenu"
        >
          <span
            className="bp3-icon bp3-icon-layers"
            icon="layers"
          >
            <svg
              data-icon="layers"
              fill="rgb(50,50,50)"
              height={44}
              viewBox="0 0 20 20"
              width={44}
            >
              <desc>
                layers
              </desc>
              <path
                d="M.5 6.9l9 5c.2.1.3.1.5.1s.3 0 .5-.1l9-5c.3-.2.5-.5.5-.9s-.2-.7-.5-.9l-9-5c-.2-.1-.3-.1-.5-.1s-.3 0-.5.1l-9 5c-.3.2-.5.5-.5.9s.2.7.5.9z"
                fillRule="evenodd"
              />
              <path
                d="M19 9c-.2 0-.3 0-.5.1L10 13.9 1.5 9.1C1.3 9 1.2 9 1 9c-.6 0-1 .4-1 1 0 .4.2.7.5.9l9 5c.2.1.3.1.5.1s.3 0 .5-.1l9-5c.3-.2.5-.5.5-.9 0-.6-.4-1-1-1z"
                fillRule="evenodd"
              />
              <path
                d="M19 13c-.2 0-.3 0-.5.1L10 17.9l-8.5-4.7c-.2-.2-.3-.2-.5-.2-.6 0-1 .4-1 1 0 .4.2.7.5.9l9 5c.2.1.3.1.5.1s.3 0 .5-.1l9-5c.3-.2.5-.5.5-.9 0-.6-.4-1-1-1z"
                fillRule="evenodd"
              />
            </svg>
          </span>
        </div>
      </span>
    </span>
  </div>,
  <div
    className="map"
    data-test-id="map"
    id="adesMapLeaflet"
    style={
      Object {
        "height": "100%",
      }
    }
  />,
]
`;
